  Tue Sep  9 12:51:26 2025 for program Focmec
 -----
 Input from a file focmec.dat
   2020  4 1 0804 35.6 L  28.816  87.628  0.0  TES  8 2.3

 Statn  Azimuth    TOA   Key  Log10 Ratio  NumPol  DenTOA  Comment
  SK20   140.0     58.0   C                                       IP
  SK22   137.0     58.0   C                                       IP
  SK23   161.0     49.0   D                                       IP
  SK18   150.0     49.0   D                                       IP
  SK10   166.0     43.0   D                                       IP
  SK13   150.0     43.0   D                                       IP
  SK07   152.0     43.0   C                                       IP
  SK00   165.0     43.0   C                                       IP
 Polarities/Errors:  P 008/00  SV 000/00  SH 000/00
 There are no amplitude ratio data
 The minimum, increment and maximum B axis trend:     0.00    1.00  359.00
 The limits for the B axis plunge:     0.00    1.00   90.00
 The limits for Angle:     0.00    1.00  179.00
 ++++++++++++++++++++++++++++++++++++++++++++++++++++++++++++++++++++++++++++

     Dip,Strike,Rake     51.18   106.06    28.91
     Dip,Strike,Rake     67.87   356.96   137.41   Auxiliary Plane
     Lower Hem. Trend, Plunge of A,N    266.96    22.13    16.06    38.82
     Lower Hem. Trend, Plunge of P,T     55.03    10.19   314.60    45.20
     B trend, B plunge, Angle:  154.68  43.00  31.00
++++++++++++++++++++++++++++++++++++++++++++++++++++++++++++++++++++++++++++++++

     Dip,Strike,Rake     51.67   107.17    29.61
     Dip,Strike,Rake     67.20   357.76   137.72   Auxiliary Plane
     Lower Hem. Trend, Plunge of A,N    267.76    22.80    17.17    38.33
     Lower Hem. Trend, Plunge of P,T     55.73     9.47   315.97    45.45
     B trend, B plunge, Angle:  154.68  43.00  32.00
++++++++++++++++++++++++++++++++++++++++++++++++++++++++++++++++++++++++++++++++


 There are   2 acceptable solutions
