 2020  4 1 0804 35.6 L  28.816  87.628  0.0  TES  8 2.3                        1
 GAP=331        6.29      78.9    42.0 65.3  0.1988E+04  0.1446E+04  0.4596E+04E
 ACTION:REG 25-09-01 08:29 OP:INSK STATUS:               ID:20200401080252     I
 2020-04-01-0802-52M.INSK__024                                                 6
 STAT SP IPHASW D HRMM SECON CODA AMPLIT PERI AZIMU VELO AIN AR TRES W  DIS CAZ7
 SK20 BZ IP     C  8 5  1.20                              58    1.7410  140 140 
 SK20 BN IS        8 5 15.36                              58   -0.0910  140 140 
 SK20 BE IS        8 5 15.45                              58    0.0010  140 140 
 SK22 BZ IP     C  8 5  0.92                              58   -0.6410  154 137 
 SK22 BE IS        8 5 19.71                              58    0.7510  154 137 
 SK22 BN IS        8 5 20.10                              58    1.1410  154 137 
 SK23 BZ IP     D  8 5  0.21                              49   -1.9610  158 161 
 SK23 BN IS        8 5 18.23                              49   -1.7410  158 161 
 SK23 BE IS        8 5 18.43                              49   -1.5410  158 161 
 SK18 BZ IP     D  8 5  1.20                              49   -1.1210  161 150 
 SK18 BE IS        8 5 18.39                              49   -1.8310  161 150 
 SK18 BN IS        8 5 18.39                              49   -1.8310  161 150 
 SK10 BZ IP     D  8 5  2.77                              43   -1.8210  178 166 
 SK10 BE IS        8 5 20.50                              43   -3.5210  178 166 
 SK10 BN IS        8 5 21.20                              43   -2.8210  178 166 
 SK13 BZ IP     D  8 5  5.69                              43   -0.0010  187 150 
 SK13 BN IS        8 5 25.37                              43   -0.4910  187 150 
 SK13 BE IS        8 5 25.72                              43   -0.1410  187 150 
 SK07 BZ IP     C  8 5  8.13                              43    0.2910  206 152 
 SK07 BN IS        8 5 29.89                              43    0.4510  206 152 
 SK07 BE IS        8 5 29.89                              43    0.4510  206 152 
 SK00 BZ IP     C  8 5 13.19                              43    2.4410  229 165 
 SK00 BN IS        8 5 40.07                              43    5.7610  229 165 
 SK00 BE IS        8 5 40.81                              43    6.5010  229 165 
                                                                                
